JSCompiler_StaticMethods_assoc_BANG_:Gk
JSCompiler_StaticMethods_cljs$core$IMultiFn$_add_method$arity$3:W
JSCompiler_StaticMethods_cljs$core$IMultiFn$_get_method$arity$2:V
JSCompiler_StaticMethods_cljs$core$ITransientVector$_assoc_n_BANG_$arity$3:Dj
JSCompiler_StaticMethods_sval:Yg
JSCompiler_prototypeAlias:m
L 0:a
L 1:b
L 10:p
L 11:n
L 12:t
L 13:y
L 14:G
L 15:K
L 16:S
L 17:X
L 18:Z
L 19:aa
L 2:c
L 20:ja
L 21:ka
L 22:ia
L 3:d
L 4:e
L 5:f
L 6:k
L 7:h
L 8:l
L 9:g
cached_hierarchy__5625__auto__$jscomp$inline_1036:kb
cljs$core$ArrayChunk:$g
cljs$core$ArrayNode:ok
cljs$core$ArrayNodeIterator:tk
cljs$core$ArrayNodeSeq:Ak
cljs$core$Atom:hi
cljs$core$BitmapIndexedNode:jk
cljs$core$BitmapIndexedNode$EMPTY:nk
cljs$core$Box:dk
cljs$core$ChunkBuffer:Zg
cljs$core$ChunkedCons:bh
cljs$core$ChunkedSeq:vj
cljs$core$Cons:Ng
cljs$core$ES6EntriesIterator:Mj
cljs$core$ES6Iterator:Jd
cljs$core$ES6IteratorSeq:Ld
cljs$core$ES6SetEntriesIterator:Oj
cljs$core$EmptyList:Kg
cljs$core$ExceptionInfo:Xn
cljs$core$HashCollisionNode:xk
cljs$core$HashMapIter:Ck
cljs$core$HashSetIter:hl
cljs$core$IAssociative:Pb
cljs$core$ICollection:Bb
cljs$core$ICounted:wb
cljs$core$IEmptyableCollection:Da
cljs$core$IEncodeJS:Om
cljs$core$IIndexed:Db
cljs$core$IIndexed$_nth$dyn_7375:Ga
cljs$core$IIterable:gd
cljs$core$IKVReduce:oc
cljs$core$IList:wc
cljs$core$ILookup:Mb
cljs$core$ILookup$_lookup$dyn_7386:Ja
cljs$core$IMap:Ub
cljs$core$IMeta:gc
cljs$core$INIT:Ih
cljs$core$INext:Kb
cljs$core$IPrintWithWriter:Ic
cljs$core$IRecord:xc
cljs$core$IReduce:kc
cljs$core$IReduce$_reduce$dyn_7414:La
cljs$core$ISeqable:tc
cljs$core$ISequential:vc
cljs$core$ISet:Yb
cljs$core$ISwap$_swap_BANG_$dyn_7471:Ma
cljs$core$ITER_SYMBOL:db
cljs$core$IVector:cc
cljs$core$IndexedSeq:ib
cljs$core$IndexedSeqIterator:le
cljs$core$KeySeq:bl
cljs$core$Keyword:Dd
cljs$core$LazySeq:Xg
cljs$core$List:A
cljs$core$List$EMPTY:Id
cljs$core$MapEntry:ff
cljs$core$MetaFn:Ee
cljs$core$MultiFn:Tn
cljs$core$NeverEquiv:Ij
cljs$core$NodeIterator:ik
cljs$core$NodeSeq:yk
cljs$core$PROTOCOL_SENTINEL:Fa
cljs$core$PersistentArrayMap:O
cljs$core$PersistentArrayMap$EMPTY:yh
cljs$core$PersistentArrayMap$HASHMAP_THRESHOLD:Wj
cljs$core$PersistentArrayMap$createAsIfByAssoc:Be
cljs$core$PersistentArrayMap$createAsIfByAssocComplexPath:bk
cljs$core$PersistentArrayMapIterator:Sj
cljs$core$PersistentArrayMapSeq:Rj
cljs$core$PersistentHashMap:Dk
cljs$core$PersistentHashMap$EMPTY:Xj
cljs$core$PersistentHashSet:il
cljs$core$PersistentHashSet$EMPTY:kl
cljs$core$PersistentQueue:Gj
cljs$core$PersistentQueue$EMPTY:Hj
cljs$core$PersistentQueueIter:Ej
cljs$core$PersistentQueueSeq:Fj
cljs$core$PersistentVector:M
cljs$core$PersistentVector$EMPTY:xe
cljs$core$PersistentVector$EMPTY_NODE:N
cljs$core$PersistentVector$fromArray:pj
cljs$core$RangedIterator:gj
cljs$core$Reduced:Td
cljs$core$Repeat:zi
cljs$core$START:Jh
cljs$core$SeqIter:Kh
cljs$core$StringBufferWriter:jd
cljs$core$Subvec:xj
cljs$core$Symbol:v
cljs$core$TransientArrayMap:Vj
cljs$core$TransientHashMap:Ek
cljs$core$TransientHashSet:jl
cljs$core$TransientVector:kj
cljs$core$UUID:Vn
cljs$core$ValSeq:cl
cljs$core$VectorNode:Wi
cljs$core$_EQ_:Ed
cljs$core$_STAR_print_fn_STAR_:Ha
cljs$core$_STAR_print_level_STAR_:Qa
cljs$core$_STAR_print_newline_STAR_:Ia
cljs$core$__destructure_map:xh
cljs$core$_as_transient:Nc
cljs$core$_assoc:Rb
cljs$core$_assoc_BANG_:Qc
cljs$core$_assoc_n:dc
cljs$core$_chunked_first:Xc
cljs$core$_chunked_rest:Yc
cljs$core$_clj__GT_js:Pm
cljs$core$_conj:Cb
cljs$core$_conj_BANG_:Oc
cljs$core$_contains_key_QMARK_:Qb
cljs$core$_count:xb
cljs$core$_deref:fc
cljs$core$_dissoc:Vb
cljs$core$_drop:id
cljs$core$_drop_first:Wc
cljs$core$_empty:Ea
cljs$core$_equiv:rc
cljs$core$_find:Tb
cljs$core$_first:Ib
cljs$core$_global_hierarchy:dn
cljs$core$_hash:sc
cljs$core$_indexOf$cljs$0core$0IFn$0_invoke$0arity$03:ie
cljs$core$_iterator:hd
cljs$core$_key:Wb
cljs$core$_kv_reduce:qc
cljs$core$_lastIndexOf$cljs$0core$0IFn$0_invoke$0arity$03:ke
cljs$core$_lookup:Nb
cljs$core$_meta:hc
cljs$core$_name:Zc
cljs$core$_namespace:$c
cljs$core$_next:Lb
cljs$core$_nth:Fb
cljs$core$_peek:$b
cljs$core$_persistent_BANG_:Pc
cljs$core$_pop:ac
cljs$core$_pr_writer:Jc
cljs$core$_reduce:lc
cljs$core$_reset_BANG_:bd
cljs$core$_rest:Jb
cljs$core$_seq:uc
cljs$core$_swap_BANG_:dd
cljs$core$_val:Xb
cljs$core$_with_meta:jc
cljs$core$_write:Hc
cljs$core$aclone:lb
cljs$core$apply:jb
cljs$core$apply$cljs$0core$0IFn$0_invoke$0arity$02:J
cljs$core$apply$cljs$0core$0IFn$0_invoke$0arity$03:ma
cljs$core$apply$cljs$0core$0IFn$0_invoke$0arity$04:na
cljs$core$apply$cljs$0core$0IFn$0_invoke$0arity$05:P
cljs$core$apply$cljs$0core$0IFn$0_invoke$0arity$0variadic:oa
cljs$core$apply_to:rh
cljs$core$apply_to_simple$cljs$0core$0IFn$0_invoke$0arity$03:th
cljs$core$apply_to_simple$cljs$0core$0IFn$0_invoke$0arity$04:uh
cljs$core$apply_to_simple$cljs$0core$0IFn$0_invoke$0arity$05:vh
cljs$core$apply_to_simple$cljs$0core$0IFn$0_invoke$0arity$06:wh
cljs$core$array__GT_transient_hash_map:ck
cljs$core$array_copy:Ve
cljs$core$array_for:dj
cljs$core$array_index_of:Qj
cljs$core$array_reduce$cljs$0core$0IFn$0_invoke$0arity$02:de
cljs$core$array_reduce$cljs$0core$0IFn$0_invoke$0arity$03:ee
cljs$core$array_reduce$cljs$0core$0IFn$0_invoke$0arity$04:fe
cljs$core$assoc:Ae
cljs$core$assoc_in:Ti
cljs$core$atom$cljs$0core$0IFn$0_invoke$0arity$01:R
cljs$core$bit_count:Dg
cljs$core$boolean$0:$e
cljs$core$bounded_count:jh
cljs$core$build_subvec:yj
cljs$core$char$0:If
cljs$core$char_escapes:am
cljs$core$chunk_append:dh
cljs$core$chunk_buffer:ah
cljs$core$chunk_cons:ch
cljs$core$chunked_seq:oj
cljs$core$chunked_seq$cljs$0core$0IFn$0_invoke$0arity$04:nj
cljs$core$chunked_seq$cljs$0core$0IFn$0_invoke$0arity$05:wj
cljs$core$chunked_seq_QMARK_:Te
cljs$core$ci_reduce$cljs$0core$0IFn$0_invoke$0arity$02:be
cljs$core$ci_reduce$cljs$0core$0IFn$0_invoke$0arity$03:ce
cljs$core$clj__GT_js:Rm
cljs$core$clone_and_set$cljs$0core$0IFn$0_invoke$0arity$03:ek
cljs$core$complement:$h
cljs$core$concat:D
cljs$core$conj:we
cljs$core$cons:oe
cljs$core$contains_QMARK_:df
cljs$core$count:je
cljs$core$counted_QMARK_:ge
cljs$core$create_array_node_seq:vk
cljs$core$create_array_node_seq$cljs$0core$0IFn$0_invoke$0arity$01:uk
cljs$core$create_array_node_seq$cljs$0core$0IFn$0_invoke$0arity$03:Bk
cljs$core$create_inode_seq:mk
cljs$core$create_inode_seq$cljs$0core$0IFn$0_invoke$0arity$01:lk
cljs$core$create_inode_seq$cljs$0core$0IFn$0_invoke$0arity$03:zk
cljs$core$create_node:qk
cljs$core$create_node$cljs$0core$0IFn$0_invoke$0arity$06:rk
cljs$core$create_node$cljs$0core$0IFn$0_invoke$0arity$07:pk
cljs$core$deref:ae
cljs$core$dissoc:Ce
cljs$core$do_assoc:ej
cljs$core$dominates:Jn
cljs$core$drop$cljs$0core$0IFn$0_invoke$0arity$02:T
cljs$core$edit_and_set$cljs$0core$0IFn$0_invoke$0arity$04:gk
cljs$core$empty_QMARK_:Le
cljs$core$empty_ordered_hash:Nd
cljs$core$empty_unordered_hash:Pd
cljs$core$enable_console_print_BANG_:Ra
cljs$core$equiv_map:Kj
cljs$core$equiv_sequential:ne
cljs$core$es6_entries_iterator:Nj
cljs$core$es6_iterator:Kd
cljs$core$es6_iterator_seq:Gd
cljs$core$even_QMARK_:Yh
cljs$core$every_QMARK_:Wh
cljs$core$ex_info$cljs$0core$0IFn$0_invoke$0arity$02:Y
cljs$core$filter$cljs$0core$0IFn$0_invoke$0arity$02:U
cljs$core$find_and_cache_best_method:Kn
cljs$core$first:r
cljs$core$frequencies:Nl
cljs$core$get:Ad
cljs$core$get$cljs$0core$0IFn$0_invoke$0arity$02:B
cljs$core$get$cljs$0core$0IFn$0_invoke$0arity$03:E
cljs$core$get_global_hierarchy:en
cljs$core$hash:ud
cljs$core$hash_collision_node_find_index:wk
cljs$core$hash_combine:vd
cljs$core$hash_ordered_coll:Md
cljs$core$hash_string:td
cljs$core$hash_unordered_coll:Od
cljs$core$identity:sf
cljs$core$imul:md
cljs$core$indexed_QMARK_:he
cljs$core$inode_kv_reduce:hk
cljs$core$integer_QMARK_:af
cljs$core$interleave:Fi
cljs$core$into$cljs$0core$0IFn$0_invoke$0arity$02:Q
cljs$core$isa_QMARK_$cljs$0core$0IFn$0_invoke$0arity$03:hn
cljs$core$iter_reduce$cljs$0core$0IFn$0_invoke$0arity$02:pf
cljs$core$iter_reduce$cljs$0core$0IFn$0_invoke$0arity$03:qf
cljs$core$iterable_QMARK_:Fd
cljs$core$juxt$cljs$0core$0IFn$0_invoke$0arity$02:ya
cljs$core$key:sj
cljs$core$key__GT_js$cljs$0core$0IFn$0_invoke$0arity$02:Qm
cljs$core$key_test:Yj
cljs$core$keys:Tj
cljs$core$keyword:Vg
cljs$core$lift_ns:um
cljs$core$linear_traversal_nth$cljs$0core$0IFn$0_invoke$0arity$03:ze
cljs$core$list:C
cljs$core$list_QMARK_:Jg
cljs$core$lookup_sentinel:We
cljs$core$m3_fmix:pd
cljs$core$m3_hash_unencoded_chars:ba
cljs$core$m3_mix_H1:od
cljs$core$m3_mix_K1:nd
cljs$core$map:Vh
cljs$core$map_QMARK_:Qe
cljs$core$map_entry_QMARK_:rj
cljs$core$map_indexed$cljs$0core$0IFn$0_invoke$0arity$02:ra
cljs$core$mapv$cljs$0core$0IFn$0_invoke$0arity$02:ua
cljs$core$merge:dl
cljs$core$meta:He
cljs$core$missing_protocol:ab
cljs$core$name:Wg
cljs$core$namespace:Rg
cljs$core$native_satisfies_QMARK_:Ya
cljs$core$never_equiv:Jj
cljs$core$new_path:$i
cljs$core$next:u
cljs$core$next_STAR_:sh
cljs$core$not:Va
cljs$core$nth:x
cljs$core$nth$cljs$0core$0IFn$0_invoke$0arity$02:F
cljs$core$nth$cljs$0core$0IFn$0_invoke$0arity$03:H
cljs$core$pam_grow_seed_array:ak
cljs$core$pam_new_size:Zj
cljs$core$parents$cljs$0core$0IFn$0_invoke$0arity$01:jn
cljs$core$partial$cljs$0core$0IFn$0_invoke$0arity$02:pa
cljs$core$persistent_BANG_:mh
cljs$core$pop_tail:fj
cljs$core$pr_opts:da
cljs$core$pr_sequential_writer:Wl
cljs$core$pr_str_STAR_:kd
cljs$core$pr_str_with_opts:km
cljs$core$pr_writer:em
cljs$core$pr_writer_impl:dm
cljs$core$prefers_STAR_:Hn
cljs$core$prim_seq$cljs$0core$0IFn$0_invoke$0arity$02:z
cljs$core$print_map:fm
cljs$core$print_meta_QMARK_:cm
cljs$core$print_prefix_map:vm
cljs$core$println$cljs$0core$0IFn$0_invoke$0arity$0variadic:Aa
cljs$core$push_tail:aj
cljs$core$pv_clone_node:Yi
cljs$core$pv_fresh_node:Xi
cljs$core$pv_reduce$cljs$0core$0IFn$0_invoke$0arity$04:ij
cljs$core$pv_reduce$cljs$0core$0IFn$0_invoke$0arity$05:jj
cljs$core$quot:tg
cljs$core$quote_string:bm
cljs$core$ranged_iterator:hj
cljs$core$re_find:Tl
cljs$core$re_matches:Sl
cljs$core$record_QMARK_:Re
cljs$core$reduce:rb
cljs$core$reduce$cljs$0core$0IFn$0_invoke$0arity$02:ca
cljs$core$reduce$cljs$0core$0IFn$0_invoke$0arity$03:I
cljs$core$reduce_kv:rf
cljs$core$reduced_QMARK_:Yd
cljs$core$remove$cljs$0core$0IFn$0_invoke$0arity$02:ta
cljs$core$remove_pair:fk
cljs$core$reset_BANG_:li
cljs$core$reset_cache:Gn
cljs$core$rest:Hd
cljs$core$seq:w
cljs$core$seq_reduce$cljs$0core$0IFn$0_invoke$0arity$02:pe
cljs$core$seq_reduce$cljs$0core$0IFn$0_invoke$0arity$03:re
cljs$core$sequential_QMARK_:Pe
cljs$core$set:nl
cljs$core$set_QMARK_:Ne
cljs$core$some:Xh
cljs$core$spread:kh
cljs$core$str:zd
cljs$core$string_hash_cache:rd
cljs$core$string_hash_cache_count:sd
cljs$core$string_print:$l
cljs$core$strip_ns:tm
cljs$core$subvec$cljs$0core$0IFn$0_invoke$0arity$03:wa
cljs$core$swap_BANG_:mi
cljs$core$symbol:Bd
cljs$core$t_cljs$0core6243:Na
cljs$core$tail_off:Zi
cljs$core$take$cljs$0core$0IFn$0_invoke$0arity$02:sa
cljs$core$take_nth$cljs$0core$0IFn$0_invoke$0arity$02:xa
cljs$core$throw_no_method_error:Sn
cljs$core$to_array:nf
cljs$core$truth_:q
cljs$core$tv_editable_root:lj
cljs$core$tv_editable_tail:mj
cljs$core$tv_ensure_editable:Aj
cljs$core$tv_push_tail:Bj
cljs$core$type__GT_str:bb
cljs$core$unchecked_array_for:cj
cljs$core$update$cljs$0core$0IFn$0_invoke$0arity$03:va
cljs$core$val:tj
cljs$core$vals:Uj
cljs$core$vec:qj
cljs$core$vector:uj
cljs$core$vector_QMARK_:Se
cljs$core$vector_index_out_of_bounds:bj
cljs$core$with_meta:Fe
cljs$core$write_all$cljs$0core$0IFn$0_invoke$0arity$0variadic:Zl
cljs$cst$0$flush_on_newline:Ba
cljs$cst$1$readably:gm
cljs$cst$105$more_marker:Sa
cljs$cst$106$alt_impl:Ta
cljs$cst$107$fallback_impl:Ua
cljs$cst$108$val:Wa
cljs$cst$126$keyword_fn:Xa
cljs$cst$128$parents:Za
cljs$cst$129$descendants:$a
cljs$cst$130$ancestors:cb
cljs$cst$138$uuid:ub
cljs$cst$139$type:Uc
cljs$cst$178$pm2_clj_DOT_dsl_SLASH_remove:Ac
cljs$cst$179$name:zb
cljs$cst$181$value:Lc
cljs$cst$183$pm2_clj_SLASH_remove:zc
cljs$cst$184$apps:Oa
cljs$cst$186$key:Tc
cljs$cst$187$profiles:yb
cljs$cst$191$param_tags:Ab
cljs$cst$2$meta:ji
cljs$cst$207$nil:nb
cljs$cst$208$string:qb
cljs$cst$209$strable:Ob
cljs$cst$210$vector:pc
cljs$cst$211$list:Ec
cljs$cst$212$map:ec
cljs$cst$213$set:Vc
cljs$cst$214$hierarchy:vb
cljs$cst$215$default:mb
cljs$cst$216$reader_exception:sb
cljs$cst$217$ex_kind:Sb
cljs$cst$218$file:Kc
cljs$cst$219$line:pb
cljs$cst$220$col:bc
cljs$cst$221$reader_error:Fc
cljs$cst$222$illegal_argument:Hb
cljs$cst$223$eof:yc
cljs$cst$225$character:Dc
cljs$cst$226$column:nc
cljs$cst$229$symbol:Mc
cljs$cst$230$_SLASH_:ob
cljs$cst$231$keyword:Rc
cljs$cst$232$NaN:Sc
cljs$cst$233$_Inf:Cc
cljs$cst$234$Inf:Gb
cljs$cst$257$namespaced_map:Gc
cljs$cst$260$readers:ic
cljs$cst$261$inst:Zb
cljs$cst$262$queue:cd
cljs$cst$263$js:tb
cljs$cst$264$path:mc
cljs$cst$265$pm2_clj_DOT_merge_SLASH_skip:ed
cljs$cst$266$pm2_clj_DOT_merge_SLASH_remove_key:ad
cljs$cst$267$args:Bc
cljs$cst$3$dup:Ca
cljs$cst$4$print_length:Xl
cljs$cst$78$tag:Eb
cljs$reader$_STAR_default_data_reader_fn_STAR_:KQ
cljs$reader$_STAR_tag_table_STAR_:LQ
cljs$reader$check:zO
cljs$reader$days_in_month:wO
cljs$reader$parse_and_validate_timestamp:AO
cljs$reader$parse_int:yO
cljs$reader$timestamp_regex:xO
cljs$tools$reader$edn$dispatch_macros:YN
cljs$tools$reader$edn$escape_char:lO
cljs$tools$reader$edn$macro_terminating_QMARK_:TN
cljs$tools$reader$edn$macros:UN
cljs$tools$reader$edn$not_constituent_QMARK_:VN
cljs$tools$reader$edn$read:gO
cljs$tools$reader$edn$read$cljs$0core$0IFn$0_invoke$0arity$02:uO
cljs$tools$reader$edn$read$cljs$0core$0IFn$0_invoke$0arity$04:fO
cljs$tools$reader$edn$read_char_STAR_:cO
cljs$tools$reader$edn$read_delimited:eO
cljs$tools$reader$edn$read_discard:rO
cljs$tools$reader$edn$read_dispatch:XN
cljs$tools$reader$edn$read_keyword:oO
cljs$tools$reader$edn$read_list:hO
cljs$tools$reader$edn$read_map:jO
cljs$tools$reader$edn$read_meta:pO
cljs$tools$reader$edn$read_namespaced_map:sO
cljs$tools$reader$edn$read_number:kO
cljs$tools$reader$edn$read_set:qO
cljs$tools$reader$edn$read_string_STAR_:mO
cljs$tools$reader$edn$read_symbol:nO
cljs$tools$reader$edn$read_symbolic_value:tO
cljs$tools$reader$edn$read_tagged:ZN
cljs$tools$reader$edn$read_token$cljs$0core$0IFn$0_invoke$0arity$04:WN
cljs$tools$reader$edn$read_unicode_char$cljs$0core$0IFn$0_invoke$0arity$04:aO
cljs$tools$reader$edn$read_unicode_char$cljs$0core$0IFn$0_invoke$0arity$05:bO
cljs$tools$reader$edn$read_unmatched_delimiter:$N
cljs$tools$reader$edn$read_vector:iO
cljs$tools$reader$edn$starting_line_col_info:dO
cljs$tools$reader$impl$commons$float_pattern:NN
cljs$tools$reader$impl$commons$int_pattern:LN
cljs$tools$reader$impl$commons$match_number:PN
cljs$tools$reader$impl$commons$matches_QMARK_:ON
cljs$tools$reader$impl$commons$parse_symbol:QN
cljs$tools$reader$impl$commons$ratio_pattern:MN
cljs$tools$reader$impl$commons$read_comment:RN
cljs$tools$reader$impl$commons$read_past:KN
cljs$tools$reader$impl$commons$throwing_reader:SN
cljs$tools$reader$impl$errors$duplicate_keys_error:HN
cljs$tools$reader$impl$errors$eof_error$cljs$0core$0IFn$0_invoke$0arity$0variadic:AN
cljs$tools$reader$impl$errors$illegal_arg_error$cljs$0core$0IFn$0_invoke$0arity$0variadic:zN
cljs$tools$reader$impl$errors$reader_error$cljs$0core$0IFn$0_invoke$0arity$0variadic:yN
cljs$tools$reader$impl$errors$throw_bad_char:DN
cljs$tools$reader$impl$errors$throw_bad_octal_number:GN
cljs$tools$reader$impl$errors$throw_dup_keys:IN
cljs$tools$reader$impl$errors$throw_eof_reading$cljs$0core$0IFn$0_invoke$0arity$0variadic:EN
cljs$tools$reader$impl$errors$throw_ex$cljs$0core$0IFn$0_invoke$0arity$0variadic:xN
cljs$tools$reader$impl$errors$throw_invalid:CN
cljs$tools$reader$impl$errors$throw_invalid_unicode_digit:FN
cljs$tools$reader$impl$errors$throw_odd_map:BN
cljs$tools$reader$impl$inspect$dispatch_inspect:Ka
cljs$tools$reader$impl$inspect$inspect$cljs$0core$0IFn$0_invoke$0arity$01:wN
cljs$tools$reader$impl$inspect$inspect_STAR_:qN
cljs$tools$reader$impl$inspect$inspect_STAR__col:pN
cljs$tools$reader$impl$utils$char_code:$M
cljs$tools$reader$impl$utils$namespace_keys:ZM
cljs$tools$reader$impl$utils$numeric_QMARK_:XM
cljs$tools$reader$impl$utils$whitespace_QMARK_:WM
cljs$tools$reader$impl$utils$ws_rx:VM
cljs$tools$reader$reader_types$PushbackReader:hN
cljs$tools$reader$reader_types$StringReader:gN
cljs$tools$reader$reader_types$get_column_number:eN
cljs$tools$reader$reader_types$get_file_name:fN
cljs$tools$reader$reader_types$get_line_number:dN
cljs$tools$reader$reader_types$indexing_reader_QMARK_:lN
cljs$tools$reader$reader_types$peek_char:bN
cljs$tools$reader$reader_types$read_char:aN
cljs$tools$reader$reader_types$unread:cN
clojure$string$blank_QMARK_:OM
clojure$string$split$cljs$0core$0IFn$0_invoke$0arity$03:Pa
goog$UID_PROPERTY_:ha
goog$getUid:fa
goog$string$StringBuffer:za
goog$typeOf:ea
goog$uidCounter_:la
hierarchy__5626__auto__$jscomp$inline_1037:eb
method_cache__5624__auto__$jscomp$inline_1035:hb
method_table__5622__auto__$jscomp$inline_1033:fb
module$contents$goog$object_getKeys:qa
pm2_clj$cli$apply_profile:s1
pm2_clj$cli$consume_multi_flag:v1
pm2_clj$cli$dsl_exts:q1
pm2_clj$cli$dsl_file_QMARK_:r1
pm2_clj$cli$render_config:u1
pm2_clj$cli$replace_first_dsl_file:w1
pm2_clj$cli$strip_dsl_keys:t1
pm2_clj$eval$_STAR_cwd_STAR_:j1
pm2_clj$merge$deep_merge:n1
pm2_clj$merge$merge_apps_by_name:m1
pm2_clj$pm2$run_BANG_:p1
pm2_clj$util$exists_QMARK_:h1
prefer_table__5623__auto__$jscomp$inline_1034:gb
shadow$js$shim$module$0child_process:o1
shadow$js$shim$module$0fs:e1
shadow$js$shim$module$0os:g1
shadow$js$shim$module$0path:f1
