JSCompiler_StaticMethods_assoc_BANG_:Ce
JSCompiler_StaticMethods_cljs$core$ITransientVector$_assoc_n_BANG_$arity$3:Fd
JSCompiler_StaticMethods_sval:Ic
JSCompiler_prototypeAlias:f
L 0:a
L 1:b
L 10:n
L 11:p
L 12:q
L 13:r
L 14:y
L 15:z
L 16:B
L 17:G
L 18:K
L 19:P
L 2:c
L 20:ca
L 21:ua
L 22:Zd
L 3:d
L 4:e
L 5:g
L 6:h
L 7:k
L 8:l
L 9:m
cljs$core$ArrayChunk:Kc
cljs$core$ArrayNode:me
cljs$core$ArrayNodeIterator:qe
cljs$core$ArrayNodeSeq:xe
cljs$core$BitmapIndexedNode:ie
cljs$core$BitmapIndexedNode$EMPTY:le
cljs$core$Box:de
cljs$core$ChunkBuffer:Jc
cljs$core$ChunkedCons:Lc
cljs$core$ChunkedSeq:zd
cljs$core$Cons:Dc
cljs$core$ES6EntriesIterator:Jd
cljs$core$ES6Iterator:Cb
cljs$core$ES6IteratorSeq:Db
cljs$core$EmptyList:Cc
cljs$core$HashCollisionNode:ue
cljs$core$HashMapIter:ze
cljs$core$IAssociative:ya
cljs$core$ICollection:pa
cljs$core$ICounted:na
cljs$core$IEmptyableCollection:xa
cljs$core$IEncodeJS:Ye
cljs$core$IIndexed:ra
cljs$core$IIndexed$_nth$dyn_7275:tb
cljs$core$IIterable:eb
cljs$core$IKVReduce:Na
cljs$core$IList:Ua
cljs$core$ILookup:va
cljs$core$ILookup$_lookup$dyn_7281:zc
cljs$core$IMap:Ba
cljs$core$IMeta:Ha
cljs$core$INIT:ad
cljs$core$INext:ta
cljs$core$IPrintWithWriter:Wa
cljs$core$IRecord:Va
cljs$core$IReduce:Ka
cljs$core$IReduce$_reduce$dyn_7298:$c
cljs$core$ISeqable:Ra
cljs$core$ISequential:Ta
cljs$core$ITER_SYMBOL:C
cljs$core$IVector:Ea
cljs$core$IndexedSeq:N
cljs$core$IndexedSeqIterator:Tb
cljs$core$KeySeq:De
cljs$core$Keyword:J
cljs$core$LazySeq:Hc
cljs$core$List:Yb
cljs$core$List$EMPTY:Bb
cljs$core$MapEntry:Md
cljs$core$MetaFn:cc
cljs$core$NeverEquiv:Gd
cljs$core$NodeIterator:he
cljs$core$NodeSeq:ve
cljs$core$PROTOCOL_SENTINEL:u
cljs$core$PersistentArrayMap:Qd
cljs$core$PersistentArrayMap$EMPTY:Zc
cljs$core$PersistentArrayMap$HASHMAP_THRESHOLD:Ud
cljs$core$PersistentArrayMap$createAsIfByAssoc:bc
cljs$core$PersistentArrayMap$createAsIfByAssocComplexPath:$d
cljs$core$PersistentArrayMapIterator:Pd
cljs$core$PersistentArrayMapSeq:Od
cljs$core$PersistentHashMap:Ae
cljs$core$PersistentHashMap$EMPTY:Vd
cljs$core$PersistentVector:sd
cljs$core$PersistentVector$EMPTY:Xb
cljs$core$PersistentVector$EMPTY_NODE:yd
cljs$core$RangedIterator:od
cljs$core$Reduced:Ib
cljs$core$START:bd
cljs$core$SeqIter:cd
cljs$core$StringBufferWriter:gb
cljs$core$Subvec:Bd
cljs$core$Symbol:sb
cljs$core$TransientArrayMap:Td
cljs$core$TransientHashMap:Be
cljs$core$TransientVector:td
cljs$core$ValSeq:Ee
cljs$core$VectorNode:fd
cljs$core$_EQ_:R
cljs$core$_STAR_print_fn_STAR_:fa
cljs$core$_STAR_print_level_STAR_:ja
cljs$core$_STAR_print_newline_STAR_:ha
cljs$core$__destructure_map:Yc
cljs$core$_as_transient:Ya
cljs$core$_assoc:Aa
cljs$core$_assoc_BANG_:ab
cljs$core$_assoc_n:Fa
cljs$core$_chunked_first:cb
cljs$core$_chunked_rest:db
cljs$core$_clj__GT_js:Ze
cljs$core$_conj:qa
cljs$core$_conj_BANG_:Za
cljs$core$_contains_key_QMARK_:za
cljs$core$_count:oa
cljs$core$_deref:Ga
cljs$core$_drop_first:bb
cljs$core$_empty:Ma
cljs$core$_equiv:Pa
cljs$core$_first:F
cljs$core$_hash:Qa
cljs$core$_indexOf$cljs$0core$0IFn$0_invoke$0arity$03:U
cljs$core$_iterator:fb
cljs$core$_key:Ca
cljs$core$_kv_reduce:Oa
cljs$core$_lastIndexOf$cljs$0core$0IFn$0_invoke$0arity$03:W
cljs$core$_lookup:wa
cljs$core$_meta:Ia
cljs$core$_nth:E
cljs$core$_persistent_BANG_:$a
cljs$core$_pr_writer:Xa
cljs$core$_reduce:La
cljs$core$_rest:H
cljs$core$_seq:Sa
cljs$core$_val:Da
cljs$core$_with_meta:Ja
cljs$core$_write:I
cljs$core$aclone:D
cljs$core$apply:dc
cljs$core$apply$cljs$0core$0IFn$0_invoke$0arity$02:Wc
cljs$core$apply$cljs$0core$0IFn$0_invoke$0arity$03:Xc
cljs$core$apply_to:Qc
cljs$core$apply_to_simple$cljs$0core$0IFn$0_invoke$0arity$03:Sc
cljs$core$apply_to_simple$cljs$0core$0IFn$0_invoke$0arity$04:Tc
cljs$core$apply_to_simple$cljs$0core$0IFn$0_invoke$0arity$05:Uc
cljs$core$apply_to_simple$cljs$0core$0IFn$0_invoke$0arity$06:Vc
cljs$core$array__GT_transient_hash_map:ce
cljs$core$array_copy:mc
cljs$core$array_for:md
cljs$core$array_index_of:Ld
cljs$core$array_reduce$cljs$0core$0IFn$0_invoke$0arity$02:Mb
cljs$core$array_reduce$cljs$0core$0IFn$0_invoke$0arity$03:Nb
cljs$core$array_reduce$cljs$0core$0IFn$0_invoke$0arity$04:Ob
cljs$core$assoc:ac
cljs$core$bit_count:Bc
cljs$core$boolean$0:oc
cljs$core$bounded_count:Oc
cljs$core$build_subvec:Cd
cljs$core$char_escapes:Ke
cljs$core$chunk_append:Nc
cljs$core$chunk_cons:Mc
cljs$core$chunked_seq:xd
cljs$core$chunked_seq$cljs$0core$0IFn$0_invoke$0arity$04:wd
cljs$core$chunked_seq$cljs$0core$0IFn$0_invoke$0arity$05:Ad
cljs$core$chunked_seq_QMARK_:lc
cljs$core$ci_reduce$cljs$0core$0IFn$0_invoke$0arity$02:Kb
cljs$core$ci_reduce$cljs$0core$0IFn$0_invoke$0arity$03:Lb
cljs$core$clj__GT_js:af
cljs$core$clone_and_set$cljs$0core$0IFn$0_invoke$0arity$03:ee
cljs$core$conj:Wb
cljs$core$cons:X
cljs$core$contains_QMARK_:qc
cljs$core$count:V
cljs$core$counted_QMARK_:Pb
cljs$core$create_array_node_seq:se
cljs$core$create_array_node_seq$cljs$0core$0IFn$0_invoke$0arity$01:re
cljs$core$create_array_node_seq$cljs$0core$0IFn$0_invoke$0arity$03:ye
cljs$core$create_inode_seq:ke
cljs$core$create_inode_seq$cljs$0core$0IFn$0_invoke$0arity$01:je
cljs$core$create_inode_seq$cljs$0core$0IFn$0_invoke$0arity$03:we
cljs$core$create_node:oe
cljs$core$create_node$cljs$0core$0IFn$0_invoke$0arity$06:pe
cljs$core$create_node$cljs$0core$0IFn$0_invoke$0arity$07:ne
cljs$core$deref:Jb
cljs$core$do_assoc:nd
cljs$core$edit_and_set$cljs$0core$0IFn$0_invoke$0arity$04:fe
cljs$core$empty_QMARK_:gc
cljs$core$empty_ordered_hash:Fb
cljs$core$empty_unordered_hash:Hb
cljs$core$enable_console_print_BANG_:ka
cljs$core$equiv_map:Id
cljs$core$equiv_sequential:Ub
cljs$core$es6_entries_iterator:Kd
cljs$core$es6_iterator:S
cljs$core$es6_iterator_seq:zb
cljs$core$every_QMARK_:dd
cljs$core$first:O
cljs$core$get:vb
cljs$core$get$cljs$0core$0IFn$0_invoke$0arity$02:ub
cljs$core$get$cljs$0core$0IFn$0_invoke$0arity$03:wb
cljs$core$hash:qb
cljs$core$hash_collision_node_find_index:te
cljs$core$hash_combine:rb
cljs$core$hash_ordered_coll:Eb
cljs$core$hash_string:pb
cljs$core$hash_unordered_coll:Gb
cljs$core$identity:yc
cljs$core$imul:ib
cljs$core$indexed_QMARK_:Qb
cljs$core$inode_kv_reduce:ge
cljs$core$integer_QMARK_:pc
cljs$core$into$cljs$0core$0IFn$0_invoke$0arity$02:He
cljs$core$iter_reduce$cljs$0core$0IFn$0_invoke$0arity$02:vc
cljs$core$iter_reduce$cljs$0core$0IFn$0_invoke$0arity$03:wc
cljs$core$iterable_QMARK_:yb
cljs$core$key:ae
cljs$core$key__GT_js$cljs$0core$0IFn$0_invoke$0arity$02:$e
cljs$core$key_test:Wd
cljs$core$keys:Rd
cljs$core$keyword:Fc
cljs$core$lift_ns:We
cljs$core$linear_traversal_nth$cljs$0core$0IFn$0_invoke$0arity$03:Zb
cljs$core$lookup_sentinel:nc
cljs$core$m3_fmix:lb
cljs$core$m3_hash_unencoded_chars:mb
cljs$core$m3_mix_H1:kb
cljs$core$m3_mix_K1:jb
cljs$core$map:Y
cljs$core$map_QMARK_:ic
cljs$core$map_entry_QMARK_:Nd
cljs$core$meta:fc
cljs$core$missing_protocol:x
cljs$core$name:Gc
cljs$core$namespace:Ec
cljs$core$native_satisfies_QMARK_:w
cljs$core$never_equiv:Hd
cljs$core$new_path:id
cljs$core$next:Q
cljs$core$next_STAR_:Rc
cljs$core$nth:Sb
cljs$core$nth$cljs$0core$0IFn$0_invoke$0arity$02:Rb
cljs$core$nth$cljs$0core$0IFn$0_invoke$0arity$03:$b
cljs$core$pam_grow_seed_array:Yd
cljs$core$pam_new_size:Xd
cljs$core$pr_opts:ia
cljs$core$pr_sequential_writer:Fe
cljs$core$pr_str_STAR_:hb
cljs$core$pr_str_with_opts:Te
cljs$core$pr_writer:Z
cljs$core$pr_writer_impl:Oe
cljs$core$prim_seq$cljs$0core$0IFn$0_invoke$0arity$02:Vb
cljs$core$print_map:Pe
cljs$core$print_meta_QMARK_:Me
cljs$core$print_prefix_map:Xe
cljs$core$println$cljs$0core$0IFn$0_invoke$0arity$0variadic:Ue
cljs$core$push_tail:jd
cljs$core$pv_fresh_node:gd
cljs$core$pv_reduce$cljs$0core$0IFn$0_invoke$0arity$04:qd
cljs$core$pv_reduce$cljs$0core$0IFn$0_invoke$0arity$05:rd
cljs$core$quot:Ac
cljs$core$quote_string:Le
cljs$core$ranged_iterator:pd
cljs$core$record_QMARK_:jc
cljs$core$reduce:tc
cljs$core$reduce$cljs$0core$0IFn$0_invoke$0arity$03:sc
cljs$core$reduce_kv:xc
cljs$core$reduced_QMARK_:T
cljs$core$rest:Ab
cljs$core$seq:M
cljs$core$seq_reduce$cljs$0core$0IFn$0_invoke$0arity$02:rc
cljs$core$seq_reduce$cljs$0core$0IFn$0_invoke$0arity$03:uc
cljs$core$sequential_QMARK_:hc
cljs$core$spread:Pc
cljs$core$str:A
cljs$core$string_hash_cache:nb
cljs$core$string_hash_cache_count:ob
cljs$core$string_print:Je
cljs$core$strip_ns:Ve
cljs$core$symbol:xb
cljs$core$t_cljs$0core6243:ed
cljs$core$tail_off:hd
cljs$core$truth_:v
cljs$core$tv_editable_root:ud
cljs$core$tv_editable_tail:vd
cljs$core$tv_ensure_editable:Dd
cljs$core$tv_push_tail:Ed
cljs$core$type__GT_str:ma
cljs$core$unchecked_array_for:ld
cljs$core$val:be
cljs$core$vals:Sd
cljs$core$vec:Re
cljs$core$vector_QMARK_:kc
cljs$core$vector_index_out_of_bounds:kd
cljs$core$with_meta:ec
cljs$core$write_all$cljs$0core$0IFn$0_invoke$0arity$0variadic:Ie
cljs$cst$0$flush_on_newline:la
cljs$cst$1$readably:Qe
cljs$cst$105$more_marker:Se
cljs$cst$106$alt_impl:bf
cljs$cst$107$fallback_impl:df
cljs$cst$126$keyword_fn:ef
cljs$cst$2$meta:Ne
cljs$cst$3$dup:sa
cljs$cst$4$print_length:Ge
clobber$cli$print_usage:hf
clojure:gf
goog$UID_PROPERTY_:aa
goog$string$StringBuffer:ea
goog$typeOf:t
goog$uidCounter_:ba
module$contents$goog$object_getKeys:da
shadow$js$shim$module$0child_process:cf
shadow$js$shim$module$0fs:ff
